<?xml version="1.0" encoding="UTF-8"?>
<testsuites name="Mocha Tests" time="0.036000000000000004" tests="93" failures="0" skipped="1">
  <testsuite name="Root Suite" timestamp="2019-05-29T16:36:24" tests="0" failures="0" time="0">
  </testsuite>
  <testsuite name="convert density" timestamp="2019-05-29T16:36:24" tests="5" file="/Users/oparaskos/personal/quantity-fns/src/density/convert-density.spec.ts" failures="0" time="0.003">
    <testcase name="convert density should convert 1g/cm^3 to kg/m^3 as 1000 (±1e-10)" time="0.002" classname="should convert 1g/cm^3 to kg/m^3 as 1000 (±1e-10)">
    </testcase>
    <testcase name="convert density should convert 1g/cm3 to g/cm^3 as 1 (±1e-10)" time="0.001" classname="should convert 1g/cm3 to g/cm^3 as 1 (±1e-10)">
    </testcase>
    <testcase name="convert density should convert 1g/cm^3 to kg/L as 1 (±1e-10)" time="0" classname="should convert 1g/cm^3 to kg/L as 1 (±1e-10)">
    </testcase>
    <testcase name="convert density should convert 1lb/ft3 to kg/m3 as 16.01846 (±0.001)" time="0" classname="should convert 1lb/ft3 to kg/m3 as 16.01846 (±0.001)">
    </testcase>
    <testcase name="convert density should convert 9lb/ft3 to kg/m3 as 144.16617 (±0.001)" time="0" classname="should convert 9lb/ft3 to kg/m3 as 144.16617 (±0.001)">
    </testcase>
  </testsuite>
  <testsuite name="convert distance" timestamp="2019-05-29T16:36:24" tests="20" file="/Users/oparaskos/personal/quantity-fns/src/distance/convert-distance.spec.ts" failures="0" time="0.003">
    <testcase name="convert distance should convert 1m to m as 1" time="0.001" classname="should convert 1m to m as 1">
    </testcase>
    <testcase name="convert distance should convert 1km to m as 1000" time="0" classname="should convert 1km to m as 1000">
    </testcase>
    <testcase name="convert distance should convert 1m to km as 0.001" time="0" classname="should convert 1m to km as 0.001">
    </testcase>
    <testcase name="convert distance should convert 1cm to m as 0.01" time="0" classname="should convert 1cm to m as 0.01">
    </testcase>
    <testcase name="convert distance should convert 1mm to m as 0.001" time="0" classname="should convert 1mm to m as 0.001">
    </testcase>
    <testcase name="convert distance should convert 1in to m as 0.0254" time="0" classname="should convert 1in to m as 0.0254">
    </testcase>
    <testcase name="convert distance should convert 1in to cm as 2.54" time="0" classname="should convert 1in to cm as 2.54">
    </testcase>
    <testcase name="convert distance should convert 1in to in as 1" time="0.001" classname="should convert 1in to in as 1">
    </testcase>
    <testcase name="convert distance should convert 1in to ft as 0.08333333333333333" time="0" classname="should convert 1in to ft as 0.08333333333333333">
    </testcase>
    <testcase name="convert distance should convert 1in to thou as 1000" time="0" classname="should convert 1in to thou as 1000">
    </testcase>
    <testcase name="convert distance should convert 1thou to in as 0.001" time="0" classname="should convert 1thou to in as 0.001">
    </testcase>
    <testcase name="convert distance should convert 1thou to feet as 0.00008333333333333333" time="0" classname="should convert 1thou to feet as 0.00008333333333333333">
    </testcase>
    <testcase name="convert distance should convert 1thou to m as 0.0000254" time="0" classname="should convert 1thou to m as 0.0000254">
    </testcase>
    <testcase name="convert distance should convert 1ft to in as 12" time="0" classname="should convert 1ft to in as 12">
    </testcase>
    <testcase name="convert distance should convert 1yd to ft as 3" time="0" classname="should convert 1yd to ft as 3">
    </testcase>
    <testcase name="convert distance should convert 1ch to yd as 22" time="0.001" classname="should convert 1ch to yd as 22">
    </testcase>
    <testcase name="convert distance should convert 1furlong to ch as 10" time="0" classname="should convert 1furlong to ch as 10">
    </testcase>
    <testcase name="convert distance should convert 1furlong to yd as 220" time="0" classname="should convert 1furlong to yd as 220">
    </testcase>
    <testcase name="convert distance should convert 1mi to fur as 8" time="0" classname="should convert 1mi to fur as 8">
    </testcase>
    <testcase name="convert distance should convert 1league to miles as 3" time="0" classname="should convert 1league to miles as 3">
    </testcase>
  </testsuite>
  <testsuite name="findConversionFactor" timestamp="2019-05-29T16:36:24" tests="5" file="/Users/oparaskos/personal/quantity-fns/src/distance/distance-conversions.spec.ts" failures="0" time="0.001">
    <testcase name="findConversionFactor should throw if the requested unit is not in the table" time="0.001" classname="should throw if the requested unit is not in the table">
    </testcase>
    <testcase name="findConversionFactor should return the value of one m in meters as 1" time="0" classname="should return the value of one m in meters as 1">
    </testcase>
    <testcase name="findConversionFactor should return the value of one cm in meters as 0.01" time="0" classname="should return the value of one cm in meters as 0.01">
    </testcase>
    <testcase name="findConversionFactor should return the value of one mm in meters as 0.001" time="0" classname="should return the value of one mm in meters as 0.001">
    </testcase>
    <testcase name="findConversionFactor should return the value of one km in meters as 1000" time="0" classname="should return the value of one km in meters as 1000">
    </testcase>
  </testsuite>
  <testsuite name="convert energy" timestamp="2019-05-29T16:36:24" tests="22" file="/Users/oparaskos/personal/quantity-fns/src/energy/convert-energy.spec.ts" failures="0" time="0.003">
    <testcase name="convert energy should convert 1J to J as 1 (±0.001)" time="0" classname="should convert 1J to J as 1 (±0.001)">
    </testcase>
    <testcase name="convert energy should convert 1J to Wh as 0.000277778 (±0.001)" time="0" classname="should convert 1J to Wh as 0.000277778 (±0.001)">
    </testcase>
    <testcase name="convert energy should convert 1J to kWh as 2.77778e-7 (±0.001)" time="0" classname="should convert 1J to kWh as 2.77778e-7 (±0.001)">
    </testcase>
    <testcase name="convert energy should convert 1J to eV as 6241509125883258000 (±0.001)" time="0" classname="should convert 1J to eV as 6241509125883258000 (±0.001)">
    </testcase>
    <testcase name="convert energy should convert 1J to cal as 0.2390057 (±0.001)" time="0" classname="should convert 1J to cal as 0.2390057 (±0.001)">
    </testcase>
    <testcase name="convert energy should convert 1Wh to J as 3600 (±0.001)" time="0.001" classname="should convert 1Wh to J as 3600 (±0.001)">
    </testcase>
    <testcase name="convert energy should convert 1Wh to Wh as 1 (±0.001)" time="0" classname="should convert 1Wh to Wh as 1 (±0.001)">
    </testcase>
    <testcase name="convert energy should convert 1Wh to kWh as 0.001 (±0.001)" time="0" classname="should convert 1Wh to kWh as 0.001 (±0.001)">
    </testcase>
    <testcase name="convert energy should convert 1Wh to eV as 2.2469432853179727e+22 (±100000000000)" time="0" classname="should convert 1Wh to eV as 2.2469432853179727e+22 (±100000000000)">
    </testcase>
    <testcase name="convert energy should convert 1Wh to cal as 860.42065 (±0.001)" time="0" classname="should convert 1Wh to cal as 860.42065 (±0.001)">
    </testcase>
    <testcase name="convert energy should convert 1kWh to J as 3600000 (±0.001)" time="0" classname="should convert 1kWh to J as 3600000 (±0.001)">
    </testcase>
    <testcase name="convert energy should convert 1kWh to Wh as 1000 (±0.001)" time="0" classname="should convert 1kWh to Wh as 1000 (±0.001)">
    </testcase>
    <testcase name="convert energy should convert 1kWh to kWh as 1 (±0.001)" time="0" classname="should convert 1kWh to kWh as 1 (±0.001)">
    </testcase>
    <testcase name="convert energy should convert 1kWh to eV as 2.2469432853179726e+25 (±100000000000000)" time="0.001" classname="should convert 1kWh to eV as 2.2469432853179726e+25 (±100000000000000)">
    </testcase>
    <testcase name="convert energy should convert 1kWh to cal as 860420.65 (±0.001)" time="0" classname="should convert 1kWh to cal as 860420.65 (±0.001)">
    </testcase>
    <testcase name="convert energy should convert 1eV to J as 1.602e-19 (±0.001)" time="0" classname="should convert 1eV to J as 1.602e-19 (±0.001)">
    </testcase>
    <testcase name="convert energy should convert 1eV to Wh as 4.45e-23 (±0.001)" time="0" classname="should convert 1eV to Wh as 4.45e-23 (±0.001)">
    </testcase>
    <testcase name="convert energy should convert 1eV to kWh as 4.45e-26 (±0.001)" time="0" classname="should convert 1eV to kWh as 4.45e-26 (±0.001)">
    </testcase>
    <testcase name="convert energy should convert 1eV to eV as 1 (±0.001)" time="0" classname="should convert 1eV to eV as 1 (±0.001)">
    </testcase>
    <testcase name="convert energy should convert 1eV to cal as 3.827e-20 (±0.001)" time="0.001" classname="should convert 1eV to cal as 3.827e-20 (±0.001)">
    </testcase>
    <testcase name="convert energy should convert 1BTU to cal as 252.1644 (±0.001)" time="0" classname="should convert 1BTU to cal as 252.1644 (±0.001)">
    </testcase>
    <testcase name="convert energy should convert 1BTU to kJ as 1.05506 (±0.001)" time="0" classname="should convert 1BTU to kJ as 1.05506 (±0.001)">
    </testcase>
  </testsuite>
  <testsuite name="parse quantity" timestamp="2019-05-29T16:36:24" tests="8" file="/Users/oparaskos/personal/quantity-fns/src/format/format.spec.ts" failures="0" time="0.021">
    <testcase name="parse quantity should parse &apos;[object Object]&apos; as &apos;&quot;10 g&quot;&apos;" time="0.006" classname="should parse &apos;[object Object]&apos; as &apos;&quot;10 g&quot;&apos;">
    </testcase>
    <testcase name="parse quantity should parse &apos;[object Object]&apos; as &apos;&quot;330 cc&quot;&apos;" time="0" classname="should parse &apos;[object Object]&apos; as &apos;&quot;330 cc&quot;&apos;">
    </testcase>
    <testcase name="parse quantity should parse &apos;[object Object]&apos; as &apos;&quot;1.75 kg&quot;&apos;" time="0" classname="should parse &apos;[object Object]&apos; as &apos;&quot;1.75 kg&quot;&apos;">
    </testcase>
    <testcase name="parse quantity should parse &apos;[object Object]&apos; as &apos;&quot;31,415 kg&quot;&apos;" time="0.001" classname="should parse &apos;[object Object]&apos; as &apos;&quot;31,415 kg&quot;&apos;">
    </testcase>
    <testcase name="parse quantity should parse &apos;[object Object]&apos; as &apos;&quot;1.003,142 kg&quot;&apos;" time="0.013" classname="should parse &apos;[object Object]&apos; as &apos;&quot;1.003,142 kg&quot;&apos;">
    </testcase>
    <testcase name="parse quantity should parse &apos;[object Object]&apos; as &apos;&quot;10 mi&quot;&apos;" time="0.001" classname="should parse &apos;[object Object]&apos; as &apos;&quot;10 mi&quot;&apos;">
    </testcase>
    <testcase name="parse quantity should parse &apos;[object Object]&apos; as &apos;&quot;38.2 km&quot;&apos;" time="0" classname="should parse &apos;[object Object]&apos; as &apos;&quot;38.2 km&quot;&apos;">
    </testcase>
    <testcase name="parse quantity should parse &apos;[object Object]&apos; as &apos;&quot;1.3 g/cm3&quot;&apos;" time="0" classname="should parse &apos;[object Object]&apos; as &apos;&quot;1.3 g/cm3&quot;&apos;">
    </testcase>
  </testsuite>
  <testsuite name="convert mass" timestamp="2019-05-29T16:36:24" tests="6" file="/Users/oparaskos/personal/quantity-fns/src/mass/convert-mass.spec.ts" failures="0" time="0.002">
    <testcase name="convert mass should convert 1kg to kg as 1" time="0.001" classname="should convert 1kg to kg as 1">
    </testcase>
    <testcase name="convert mass should convert 1kg to g as 1000" time="0" classname="should convert 1kg to g as 1000">
    </testcase>
    <testcase name="convert mass should convert 1g to kg as 0.001" time="0" classname="should convert 1g to kg as 0.001">
    </testcase>
    <testcase name="convert mass should convert 1g to kg as 0.001" time="0" classname="should convert 1g to kg as 0.001">
    </testcase>
    <testcase name="convert mass should convert 1mg to g as 0.001" time="0.001" classname="should convert 1mg to g as 0.001">
    </testcase>
    <testcase name="convert mass should convert 1mg to kg as 0.000001" time="0" classname="should convert 1mg to kg as 0.000001">
    </testcase>
  </testsuite>
  <testsuite name="findConversionFactor" timestamp="2019-05-29T16:36:24" tests="4" file="/Users/oparaskos/personal/quantity-fns/src/mass/mass-conversions.spec.ts" failures="0" time="0">
    <testcase name="findConversionFactor should throw if the requested unit is not in the table" time="0" classname="should throw if the requested unit is not in the table">
    </testcase>
    <testcase name="findConversionFactor should return the value of one kg in kilos as 1" time="0" classname="should return the value of one kg in kilos as 1">
    </testcase>
    <testcase name="findConversionFactor should return the value of one g in kilos as 0.001" time="0" classname="should return the value of one g in kilos as 0.001">
    </testcase>
    <testcase name="findConversionFactor should return the value of one mg in kilos as 0.000001" time="0" classname="should return the value of one mg in kilos as 0.000001">
    </testcase>
  </testsuite>
  <testsuite name="massToVolume" timestamp="2019-05-29T16:36:24" tests="3" file="/Users/oparaskos/personal/quantity-fns/src/mass/mass-to-volume.spec.ts" failures="0" time="0">
    <testcase name="massToVolume should return 1g of water = 1ml" time="0" classname="should return 1g of water = 1ml">
    </testcase>
    <testcase name="massToVolume should return 1kg of water = 1L" time="0" classname="should return 1kg of water = 1L">
    </testcase>
    <testcase name="massToVolume should return 1000kg of water = 1m^3" time="0" classname="should return 1000kg of water = 1m^3">
    </testcase>
  </testsuite>
  <testsuite name="parse quantity" timestamp="2019-05-29T16:36:24" tests="14" file="/Users/oparaskos/personal/quantity-fns/src/parse/parse.spec.ts" failures="0" time="0.002">
    <testcase name="parse quantity should parse &apos;10 g&apos; as &apos;{&quot;type&quot;:&quot;mass&quot;,&quot;quantity&quot;:10,&quot;unit&quot;:&quot;g&quot;}&apos;" time="0.001" classname="should parse &apos;10 g&apos; as &apos;{&quot;type&quot;:&quot;mass&quot;,&quot;quantity&quot;:10,&quot;unit&quot;:&quot;g&quot;}&apos;">
    </testcase>
    <testcase name="parse quantity should parse &apos;330 cc&apos; as &apos;{&quot;type&quot;:&quot;volume&quot;,&quot;quantity&quot;:330,&quot;unit&quot;:&quot;cc&quot;}&apos;" time="0" classname="should parse &apos;330 cc&apos; as &apos;{&quot;type&quot;:&quot;volume&quot;,&quot;quantity&quot;:330,&quot;unit&quot;:&quot;cc&quot;}&apos;">
    </testcase>
    <testcase name="parse quantity should parse &apos;1.75 kg&apos; as &apos;{&quot;type&quot;:&quot;mass&quot;,&quot;quantity&quot;:1.75,&quot;unit&quot;:&quot;kg&quot;}&apos;" time="0" classname="should parse &apos;1.75 kg&apos; as &apos;{&quot;type&quot;:&quot;mass&quot;,&quot;quantity&quot;:1.75,&quot;unit&quot;:&quot;kg&quot;}&apos;">
    </testcase>
    <testcase name="parse quantity should parse &apos;31,415 kg&apos; as &apos;{&quot;type&quot;:&quot;mass&quot;,&quot;quantity&quot;:31415,&quot;unit&quot;:&quot;kg&quot;}&apos;" time="0" classname="should parse &apos;31,415 kg&apos; as &apos;{&quot;type&quot;:&quot;mass&quot;,&quot;quantity&quot;:31415,&quot;unit&quot;:&quot;kg&quot;}&apos;">
    </testcase>
    <testcase name="parse quantity should parse &apos;1.003,1415 kg&apos; as &apos;{&quot;type&quot;:&quot;mass&quot;,&quot;quantity&quot;:1003.1415,&quot;unit&quot;:&quot;kg&quot;}&apos;" time="0" classname="should parse &apos;1.003,1415 kg&apos; as &apos;{&quot;type&quot;:&quot;mass&quot;,&quot;quantity&quot;:1003.1415,&quot;unit&quot;:&quot;kg&quot;}&apos;">
    </testcase>
    <testcase name="parse quantity should parse &apos;10mi&apos; as &apos;{&quot;type&quot;:&quot;distance&quot;,&quot;quantity&quot;:10,&quot;unit&quot;:&quot;mi&quot;}&apos;" time="0.001" classname="should parse &apos;10mi&apos; as &apos;{&quot;type&quot;:&quot;distance&quot;,&quot;quantity&quot;:10,&quot;unit&quot;:&quot;mi&quot;}&apos;">
    </testcase>
    <testcase name="parse quantity should parse &apos;38.2 km&apos; as &apos;{&quot;type&quot;:&quot;distance&quot;,&quot;quantity&quot;:38.2,&quot;unit&quot;:&quot;km&quot;}&apos;" time="0" classname="should parse &apos;38.2 km&apos; as &apos;{&quot;type&quot;:&quot;distance&quot;,&quot;quantity&quot;:38.2,&quot;unit&quot;:&quot;km&quot;}&apos;">
    </testcase>
    <testcase name="parse quantity should parse &apos;1.3 g/cm3&apos; as &apos;{&quot;type&quot;:&quot;density&quot;,&quot;quantity&quot;:1.3,&quot;unit&quot;:&quot;g/cm3&quot;}&apos;" time="0" classname="should parse &apos;1.3 g/cm3&apos; as &apos;{&quot;type&quot;:&quot;density&quot;,&quot;quantity&quot;:1.3,&quot;unit&quot;:&quot;g/cm3&quot;}&apos;">
    </testcase>
    <testcase name="parse quantity should throw if not given a unit" time="0" classname="should throw if not given a unit">
    </testcase>
    <testcase name="parse quantity should throw if type not valid for unit" time="0" classname="should throw if type not valid for unit">
    </testcase>
    <testcase name="parse quantity should throw if locale provided and not valid" time="0" classname="should throw if locale provided and not valid">
    </testcase>
    <testcase name="parse quantity should throw if not given a value" time="0" classname="should throw if not given a value">
    </testcase>
    <testcase name="parse quantity should throw if not given a recognised unit" time="0" classname="should throw if not given a recognised unit">
    </testcase>
  </testsuite>
  <testsuite name="convert volume" timestamp="2019-05-29T16:36:24" tests="3" file="/Users/oparaskos/personal/quantity-fns/src/volume/convert-volume.spec.ts" failures="0" time="0.001">
    <testcase name="convert volume should convert 1L to L as 1" time="0" classname="should convert 1L to L as 1">
    </testcase>
    <testcase name="convert volume should convert 1L to ml as 1000" time="0.001" classname="should convert 1L to ml as 1000">
    </testcase>
    <testcase name="convert volume should convert 1ml to L as 0.001" time="0" classname="should convert 1ml to L as 0.001">
    </testcase>
  </testsuite>
  <testsuite name="volumeToMass" timestamp="2019-05-29T16:36:24" tests="3" file="/Users/oparaskos/personal/quantity-fns/src/volume/volume-to-mass.spec.ts" failures="0" time="0">
    <testcase name="volumeToMass should return 1m^3 of water = 1000kg" time="0" classname="should return 1m^3 of water = 1000kg">
    </testcase>
    <testcase name="volumeToMass should return 1ml of water = 1g" time="0" classname="should return 1ml of water = 1g">
    </testcase>
    <testcase name="volumeToMass should return 1L of water = 1kg" time="0" classname="should return 1L of water = 1kg">
    </testcase>
  </testsuite>
</testsuites>